Num,Envelope,Lockbox,Num Corresp,Env Frame,Env Image,Page Images
1,G-0452307,ATL-403872,4,901,902,913
